// Jest Snapshot v1, https://goo.gl/fbAQLP

exports[`Prueba en AddCategory should show correctily 1`] = `
<form
  onSubmit={[Function]}
>
  <p>
     
     
  </p>
  <input
    onChange={[Function]}
    type="text"
    value=""
  />
</form>
`;
