// Jest Snapshot v1, https://goo.gl/fbAQLP

exports[`Prueba para el componente GifGridItem should show component correctly 1`] = `
<div
  className="card animate__animated animate__bounce"
>
  <img
    alt="Un ttitulo"
    src="http://localhost/algo.jpg"
  />
  <p>
    Un ttitulo
  </p>
</div>
`;
